<html>
<body>
<pre>
<h1>礦ision Build Log</h1>
<h2>Project:</h2>
E:\Work\学习资料\正点原子\ALIENTEK STM32F407探索者开发板EMWIN开发手册和实验例程\8.01.02\Project\FOUR_PORTS_TESTER.uvproj
Project File Date:  08/01/2016

<h2>Output:</h2>
Clean started: Project: 'FOUR_PORTS_TESTER'
   deleting intermediate output files for target 'Target 1'
Build target 'Target 1'
compiling main.c...
compiling stm32f4xx_it.c...
compiling system_stm32f4xx.c...
compiling sram.c...
compiling 24cxx.c...
compiling myiic.c...
compiling ctiic.c...
compiling spi.c...
compiling rtc_config.c...
..\source\HARDWARE\RTC\rtc_config.c(16): warning:  #167-D: argument of type "uint8_t *" is incompatible with parameter of type "char *restrict"
..\source\HARDWARE\RTC\rtc_config.c(45): warning:  #177-D: function "RTC_Nvic_Configuration" was declared but never referenced
compiling bsp_led.c...
compiling bsp_sdio_sd.c...
assembling startup_stm32f40_41xxx.s...
compiling misc.c...
compiling stm32f4xx_adc.c...
compiling stm32f4xx_can.c...
compiling stm32f4xx_crc.c...
compiling stm32f4xx_cryp.c...
compiling stm32f4xx_cryp_aes.c...
compiling stm32f4xx_cryp_des.c...
compiling stm32f4xx_cryp_tdes.c...
compiling stm32f4xx_dac.c...
compiling stm32f4xx_dbgmcu.c...
compiling stm32f4xx_dcmi.c...
compiling stm32f4xx_dma.c...
compiling stm32f4xx_dma2d.c...
compiling stm32f4xx_exti.c...
compiling stm32f4xx_flash.c...
compiling stm32f4xx_flash_ramfunc.c...
compiling stm32f4xx_fsmc.c...
compiling stm32f4xx_gpio.c...
compiling stm32f4xx_hash.c...
compiling stm32f4xx_hash_md5.c...
compiling stm32f4xx_hash_sha1.c...
compiling stm32f4xx_i2c.c...
compiling stm32f4xx_iwdg.c...
compiling stm32f4xx_ltdc.c...
compiling stm32f4xx_pwr.c...
compiling stm32f4xx_rcc.c...
compiling stm32f4xx_rng.c...
compiling stm32f4xx_rtc.c...
compiling stm32f4xx_sai.c...
compiling stm32f4xx_sdio.c...
compiling stm32f4xx_spi.c...
compiling stm32f4xx_syscfg.c...
compiling stm32f4xx_tim.c...
compiling stm32f4xx_usart.c...
compiling stm32f4xx_wwdg.c...
compiling delay.c...
compiling sys.c...
compiling usart.c...
compiling malloc.c...
compiling diskio.c...
compiling ff.c...
compiling syscall.c...
compiling GUIConf.c...
compiling LCDConf.c...
..\source\EMWIN\emWin\Config\LCDConf.c(127): warning:  #223-D: function "LCD_GetWidth" declared implicitly
..\source\EMWIN\emWin\Config\LCDConf.c(127): warning:  #223-D: function "LCD_GetHeight" declared implicitly
compiling GUIDRV_Template.c...
compiling GUI_X_Ex.c...
compiling GUI_X_Touch.c...
compiling bsp.c...
compiling cpu_c.c...
assembling cpu_a.asm...
compiling cpu_core.c...
compiling lib_ascii.c...
compiling lib_math.c...
compiling lib_mem.c...
compiling lib_str.c...
assembling lib_mem_a.asm...
compiling os_cfg_app.c...
compiling os_core.c...
compiling os_dbg.c...
compiling os_flag.c...
compiling os_int.c...
compiling os_mem.c...
compiling os_msg.c...
compiling os_mutex.c...
compiling os_pend_multi.c...
compiling os_prio.c...
compiling os_q.c...
compiling os_sem.c...
compiling os_stat.c...
compiling os_task.c...
compiling os_tick.c...
compiling os_time.c...
compiling os_tmr.c...
compiling os_var.c...
assembling os_cpu_a.asm...
compiling os_cpu_c.c...
compiling os_app_hooks.c...
compiling numdisplay.c...
compiling usmart.c...
compiling usmart_config.c...
compiling usmart_str.c...
compiling bsp_spi_bus.c...
..\source\HARDWARE\RA8875\BSP\bsp_spi_bus.c(298): warning:  #940-D: missing return statement at end of non-void function "bsp_spiRead0"
..\source\HARDWARE\RA8875\BSP\bsp_spi_bus.c(393): warning:  #940-D: missing return statement at end of non-void function "bsp_spiRead1"
compiling bsp_spi_flash.c...
compiling bsp_tft_lcd.c...
..\source\HARDWARE\RA8875\BSP\bsp_tft_lcd.c(1592): warning:  #177-D: function "LCD_CtrlLinesConfig" was declared but never referenced
..\source\HARDWARE\RA8875\BSP\bsp_tft_lcd.c(91): warning:  #177-D: function "LCD_HardReset" was declared but never referenced
compiling ra8875_bsp.c...
compiling bsp_ra8875_flash.c...
..\source\HARDWARE\RA8875\RA8875\bsp_ra8875_flash.c(304): warning:  #223-D: function "RA8875_CtrlGPO" declared implicitly
..\source\HARDWARE\RA8875\RA8875\bsp_ra8875_flash.c(308): warning:  #223-D: function "RA8875_CtrlGPO" declared implicitly
compiling bsp_ra8875_port.c...
..\source\HARDWARE\RA8875\RA8875\bsp_ra8875_port.c(51): warning:  #223-D: function "RA8875_WriteReg" declared implicitly
..\source\HARDWARE\RA8875\RA8875\bsp_ra8875_port.c(52): warning:  #223-D: function "RA8875_ReadReg" declared implicitly
compiling LCD_RA8875.c...
compiling Key_LED.c...
compiling keyboard.c...
compiling 123.c...
..\source\App\123.c(192): warning:  #870-D: invalid multibyte character sequence
..\source\App\123.c(210): warning:  #870-D: invalid multibyte character sequence
..\source\App\123.c(216): warning:  #870-D: invalid multibyte character sequence
..\source\App\123.c(225): warning:  #870-D: invalid multibyte character sequence
..\source\App\123.c(228): warning:  #870-D: invalid multibyte character sequence
..\source\App\123.c(727): warning:  #223-D: function "bsp_LedToggle" declared implicitly
..\source\App\123.c(785): warning:  #223-D: function "bsp_LedToggle" declared implicitly
compiling 234.c...
..\source\App\234.c(49): warning:  #177-D: variable "hWin" was declared but never referenced
compiling 345.c...
..\source\App\345.c(56): warning:  #177-D: variable "hWin" was declared but never referenced
..\source\App\345.c(197): warning:  #550-D: variable "hDlg" was set but never used
compiling 456.c...
..\source\App\456.c(56): warning:  #177-D: variable "hWin" was declared but never referenced
..\source\App\456.c(164): warning:  #186-D: pointless comparison of unsigned integer with zero
..\source\App\456.c(219): warning:  #1-D: last line of file ends without a newline
compiling app.c...
compiling auto.c...
compiling banding.c...
compiling bmp.c...
..\source\App\bmp.c(14450): warning:  #177-D: variable "key_value" was declared but never referenced
..\source\App\bmp.c(14451): warning:  #177-D: variable "hItem" was declared but never referenced
..\source\App\bmp.c(14452): warning:  #177-D: variable "i" was declared but never referenced
..\source\App\bmp.c(55): warning:  #177-D: variable "_acImage_0" was declared but never referenced
compiling button1.c...
..\source\App\button1.c(52): warning:  #177-D: variable "hWin" was declared but never referenced
..\source\App\button1.c(162): warning:  #186-D: pointless comparison of unsigned integer with zero
compiling button2.c...
compiling edit.c...
..\source\App\edit.c(129): warning:  #177-D: variable "err" was declared but never referenced
compiling jpeg.c...
..\source\App\jpeg.c(967): warning:  #177-D: variable "key_value" was declared but never referenced
..\source\App\jpeg.c(968): warning:  #177-D: variable "hItem" was declared but never referenced
..\source\App\jpeg.c(969): warning:  #177-D: variable "i" was declared but never referenced
compiling txt.c...
..\source\App\txt.c(239): warning:  #870-D: invalid multibyte character sequence
..\source\App\txt.c(462): warning:  #870-D: invalid multibyte character sequence
compiling hz_24.c...
compiling hz_26.c...
compiling hz_29.c...
compiling hz_cg_16.c...
compiling hz_cg_18.c...
compiling hz_cg_24.c...
compiling asc12.c...
compiling asc16.c...
compiling hz12.c...
compiling hz16.c...
compiling hz24.c...
compiling hz32.c...
compiling Logo_AmericanExpress.c...
compiling Logo_armfly.c...
compiling Logo_armflySmall.c...
compiling Logo_ECCard.c...
compiling Logo_GeldKarte.c...
compiling Logo_Maestro.c...
compiling Logo_MasterCard.c...
compiling Logo_VisaCard.c...
compiling ra8875_asc_width.c...
compiling Yahei.c...
linking...
Program Size: Code=144012 RO-data=264172 RW-data=6224 ZI-data=1049048  
"..\output\output\FOUR_PORTS_TESTER.axf" - 0 Error(s), 37 Warning(s).
Load "..\\output\\output\\FOUR_PORTS_TESTER.AXF" 
Internal DLL Error
Load "..\\output\\output\\FOUR_PORTS_TESTER.AXF" 
Load "..\\output\\output\\FOUR_PORTS_TESTER.AXF" 
* JLink Info: Device "STM32F407IG" selected (1024 KB flash, 128 KB RAM).
Set JLink Project File to "E:\Work\学习资料\正点原子\ALIENTEK STM32F407探索者开发板EMWIN开发手册和实验例程\8.01.02\Project\JLinkSettings.ini"
 
JLink info:
------------
DLL: V4.60a, compiled Jan 16 2013 17:15:30
Firmware: J-Link ARM V8 compiled Jan 31 2018 18:34:52
Hardware: V8.00
S/N : 20080643 
Feature(s) : RDI,FlashDL,FlashBP,JFlash,GDBFull 
 
* JLink Info: TotalIRLen = ?, IRPrint = 0x..000000000000000000000000
* JLink Info: STM32F2xxx/STM32F4xxx: Can not attach to CPU. Trying connect under reset.
* JLink Info: TotalIRLen = ?, IRPrint = 0x..000000000000000000000000
Load "..\\output\\output\\FOUR_PORTS_TESTER.AXF" 
* JLink Info: Device "STM32F407IG" selected (1024 KB flash, 128 KB RAM).
Set JLink Project File to "E:\Work\学习资料\正点原子\ALIENTEK STM32F407探索者开发板EMWIN开发手册和实验例程\8.01.02\Project\JLinkSettings.ini"
 
JLink info:
------------
DLL: V4.60a, compiled Jan 16 2013 17:15:30
Firmware: J-Link ARM V8 compiled Jan 31 2018 18:34:52
Hardware: V8.00
S/N : 20080643 
Feature(s) : RDI,FlashDL,FlashBP,JFlash,GDBFull 
 
* JLink Info: Found SWD-DP with ID 0x2BA01477
* JLink Info: Found SWD-DP with ID 0x2BA01477
* JLink Info: TPIU fitted.
* JLink Info: ETM fitted.
* JLink Info: FPUnit: 6 code (BP) slots and 2 literal slots
* JLink Info: Found Cortex-M4 r0p1, Little endian.
ROMTableAddr = 0xE00FF003
 
Target info:
------------
Device: STM32F407IG
VTarget = 3.293V
State of Pins: 
TCK: 0, TDI: 0, TDO: 0, TMS: 0, TRES: 1, TRST: 1
Hardware-Breakpoints: 6
Software-Breakpoints: 8192
Watchpoints:          4
JTAG speed: 2000 kHz
 
Erase Done.
Programming Done.
Verify OK.
Application running ...
